// Jest Snapshot v1, https://goo.gl/fbAQLP

exports[`ArticleList tests renders correctly 1`] = `
<div>
  <div>
    <ul
      class="container"
    >
      <li
        class="container"
      >
        <article
          class="article"
        >
          <header
            class="header"
          >
            <img
              alt="The Statue of Liberty's torch heads to new museum"
              class="image"
              src="https://cdn.cnn.com/cnnnext/dam/assets/181122102925-statue-of-liberty-crown-super-169.jpg"
            />
            <h2
              class="title"
            >
              <a
                class="link"
                href="/articlelist/181122102925-statue-of-liberty-crown"
              >
                The Statue of Liberty's torch heads to new museum
              </a>
            </h2>
          </header>
          <div
            class="wrapper"
          />
          <button
            class="button"
          >
            Show more
          </button>
        </article>
      </li>
      <li
        class="container"
      >
        <article
          class="article"
        >
          <header
            class="header"
          >
            <img
              alt="You can take a pie on a plane"
              class="image"
              src="https://cdn.cnn.com/cnnnext/dam/assets/170321135754-airport-security-line-file-super-169.jpg"
            />
            <h2
              class="title"
            >
              <a
                class="link"
                href="/articlelist/170321135754-airport-security-line"
              >
                You can take a pie on a plane
              </a>
            </h2>
          </header>
          <div
            class="wrapper"
          />
          <button
            class="button"
          >
            Show more
          </button>
        </article>
      </li>
    </ul>
  </div>
</div>
`;
